******************************************************************************
                  TI ARM Linker PC v5.0.4                      
******************************************************************************
>> Linked Tue Jun 20 00:27:43 2017

OUTPUT FILE NAME:   <lab12t.out>
ENTRY POINT SYMBOL: "_c_int00"  address: 000009cd


MEMORY CONFIGURATION

         name            origin    length      used     unused   attr    fill
----------------------  --------  ---------  --------  --------  ----  --------
  FLASH                 00000000   00040000  00000f62  0003f09e  R  X
  SRAM                  20000000   00008000  00000381  00007c7f  RW X


SEGMENT ALLOCATION MAP

run origin  load origin   length   init length attrs members
----------  ----------- ---------- ----------- ----- -------
00000000    00000000    00000f68   00000f68    r-x
  00000000    00000000    0000026c   0000026c    r-- .intvecs
  0000026c    0000026c    00000aaa   00000aaa    r-x .text
  00000d18    00000d18    00000214   00000214    r-- .const
  00000f30    00000f30    00000038   00000038    r-- .cinit
20000000    20000000    0000036c   00000000    rw-
  20000000    20000000    0000026c   00000000    rw- .vtable
  2000026c    2000026c    00000100   00000000    rw- .stack
2000036c    2000036c    00000015   00000015    rw-
  2000036c    2000036c    00000015   00000015    rw- .data


SECTION ALLOCATION MAP

 output                                  attributes/
section   page    origin      length       input sections
--------  ----  ----------  ----------   ----------------
.intvecs   0    00000000    0000026c     
                  00000000    0000026c     startup_ccs.obj (.intvecs)

.init_array 
*          0    00000000    00000000     UNINITIALIZED

.text      0    0000026c    00000aaa     
                  0000026c    00000254     Pruebaadc.obj (.text:main)
                  000004c0    00000104     driverlib.lib : sysctl.obj (.text:SysCtlClockSet)
                  000005c4    000000c4                   : sysctl.obj (.text:SysCtlClockGet)
                  00000688    000000b8                   : gpio.obj (.text:GPIOPadConfigSet)
                  00000740    0000009c     rtsv7M4_T_le_v4SPD16_eabi.lib : memcpy_t2.obj (.text)
                  000007dc    00000094                                   : auto_init.obj (.text)
                  00000870    00000060     driverlib.lib : interrupt.obj (.text:IntEnable)
                  000008d0    0000005e     rtsv7M4_T_le_v4SPD16_eabi.lib : copy_decompress_rle.obj (.text)
                  0000092e    00000056     driverlib.lib : gpio.obj (.text:GPIOIntTypeSet)
                  00000984    00000048                   : gpio.obj (.text:GPIOPinConfigure)
                  000009cc    00000048     rtsv7M4_T_le_v4SPD16_eabi.lib : boot.obj (.text)
                  00000a14    00000044                                   : cpy_tbl.obj (.text)
                  00000a58    00000040     driverlib.lib : uart.obj (.text:UARTConfigSetExpClk)
                  00000a98    00000040     rtsv7M4_T_le_v4SPD16_eabi.lib : exit.obj (.text)
                  00000ad8    00000034     driverlib.lib : interrupt.obj (.text:IntRegister)
                  00000b0c    00000034                   : sysctl.obj (.text:SysCtlPeripheralEnable)
                  00000b40    0000002c     Pruebaadc.obj (.text:Butt2)
                  00000b6c    0000002c     Pruebaadc.obj (.text:Butt)
                  00000b98    0000002a     driverlib.lib : gpio.obj (.text:GPIODirModeSet)
                  00000bc2    00000002     startup_ccs.obj (.text:FaultISR)
                  00000bc4    0000001c     driverlib.lib : uart.obj (.text:UARTDisable)
                  00000be0    0000001c                   : gpio.obj (.text:_GPIOIntNumberGet)
                  00000bfc    00000018                   : gpio.obj (.text:GPIOIntRegister)
                  00000c14    00000018     rtsv7M4_T_le_v4SPD16_eabi.lib : args_main.obj (.text)
                  00000c2c    00000014     driverlib.lib : uart.obj (.text:UARTEnable)
                  00000c40    00000014     rtsv7M4_T_le_v4SPD16_eabi.lib : _lock.obj (.text)
                  00000c54    00000012     driverlib.lib : gpio.obj (.text:GPIOPinTypeGPIOInput)
                  00000c66    00000012                   : gpio.obj (.text:GPIOPinTypeGPIOOutput)
                  00000c78    00000012                   : gpio.obj (.text:GPIOPinTypeUART)
                  00000c8a    00000012     rtsv7M4_T_le_v4SPD16_eabi.lib : copy_zero_init.obj (.text:decompress:ZI)
                  00000c9c    0000000e     driverlib.lib : gpio.obj (.text:GPIOIntDisable)
                  00000caa    0000000e                   : gpio.obj (.text:GPIOIntStatus)
                  00000cb8    0000000e     rtsv7M4_T_le_v4SPD16_eabi.lib : copy_decompress_none.obj (.text:decompress:none)
                  00000cc6    0000000c     driverlib.lib : gpio.obj (.text:GPIOIntEnable)
                  00000cd2    0000000c                   : uart.obj (.text:UARTCharsAvail)
                  00000cde    0000000a                   : uart.obj (.text:UARTCharGet)
                  00000ce8    0000000a                   : uart.obj (.text:UARTCharPut)
                  00000cf2    00000006                   : gpio.obj (.text:GPIOIntClear)
                  00000cf8    00000006                   : gpio.obj (.text:GPIOPinWrite)
                  00000cfe    00000006     startup_ccs.obj (.text:ResetISR)
                  00000d04    00000006     driverlib.lib : sysctl.obj (.text:SysCtlDelay)
                  00000d0a    00000006     rtsv7M4_T_le_v4SPD16_eabi.lib : copy_decompress_rle.obj (.text:decompress:rle24)
                  00000d10    00000002     startup_ccs.obj (.text:IntDefaultHandler)
                  00000d12    00000002     startup_ccs.obj (.text:NmiSR)
                  00000d14    00000002     Pruebaadc.obj (.text:Timer0IntHandler)

.const     0    00000d18    00000214     
                  00000d18    000000c0     driverlib.lib : gpio.obj (.const:g_ppui32GPIOIntMapBlizzard)
                  00000dd8    00000078                   : gpio.obj (.const:g_pui32GPIOBaseAddrs)
                  00000e50    00000070                   : interrupt.obj (.const)
                  00000ec0    0000006c                   : sysctl.obj (.const:g_pui32Xtals)

.cinit     0    00000f30    00000038     
                  00000f30    00000010     (.cinit..data.load) [load image, compression = rle]
                  00000f40    0000000c     (__TI_handler_table)
                  00000f4c    00000004     --HOLE-- [fill = 0]
                  00000f50    00000008     (.cinit..vtable.load) [load image, compression = zero_init]
                  00000f58    00000010     (__TI_cinit_table)

.vtable    0    20000000    0000026c     UNINITIALIZED
                  20000000    0000026c     driverlib.lib : interrupt.obj (.vtable)

.stack     0    2000026c    00000100     UNINITIALIZED
                  2000026c    00000100     --HOLE--

.data      0    2000036c    00000015     
                  2000036c    00000008     rtsv7M4_T_le_v4SPD16_eabi.lib : _lock.obj (.data)
                  20000374    00000008                                   : exit.obj (.data)
                  2000037c    00000004                                   : stkdepth_vars.obj (.data)
                  20000380    00000001     Pruebaadc.obj (.data)


LINKER GENERATED COPY TABLES

__TI_cinit_table @ 00000f58 records: 2, size/record: 8, table size: 16
	.data: load addr=00000f30, load size=00000010 bytes, run addr=2000036c, run size=00000015 bytes, compression=rle
	.vtable: load addr=00000f50, load size=00000008 bytes, run addr=20000000, run size=0000026c bytes, compression=zero_init


LINKER GENERATED HANDLER TABLE

__TI_handler_table @ 00000f40 records: 3, size/record: 4, table size: 12
	index: 0, handler: __TI_zero_init
	index: 1, handler: __TI_decompress_rle24
	index: 2, handler: __TI_decompress_none


GLOBAL SYMBOLS: SORTED ALPHABETICALLY BY Name 

address    name
--------   ----
00000b6d   Butt
00000b41   Butt2
00000a99   C$$EXIT
00000b99   GPIODirModeSet
00000cf3   GPIOIntClear
00000c9d   GPIOIntDisable
00000cc7   GPIOIntEnable
00000bfd   GPIOIntRegister
00000cab   GPIOIntStatus
0000092f   GPIOIntTypeSet
00000689   GPIOPadConfigSet
00000985   GPIOPinConfigure
00000c55   GPIOPinTypeGPIOInput
00000c67   GPIOPinTypeGPIOOutput
00000c79   GPIOPinTypeUART
00000cf9   GPIOPinWrite
00000871   IntEnable
00000ad9   IntRegister
00000cff   ResetISR
UNDEFED    SHT$$INIT_ARRAY$$Base
UNDEFED    SHT$$INIT_ARRAY$$Limit
000005c5   SysCtlClockGet
000004c1   SysCtlClockSet
00000d05   SysCtlDelay
00000b0d   SysCtlPeripheralEnable
00000d15   Timer0IntHandler
00000cdf   UARTCharGet
00000ce9   UARTCharPut
00000cd3   UARTCharsAvail
00000a59   UARTConfigSetExpClk
00000bc5   UARTDisable
00000c2d   UARTEnable
2000036c   __STACK_END
00000100   __STACK_SIZE
2000036c   __STACK_TOP
00000f58   __TI_CINIT_Base
00000f68   __TI_CINIT_Limit
00000f40   __TI_Handler_Table_Base
00000f4c   __TI_Handler_Table_Limit
00000001   __TI_args_main
000007dd   __TI_auto_init
00000cb9   __TI_decompress_none
00000d0b   __TI_decompress_rle24
00000000   __TI_static_base__
00000c8b   __TI_zero_init
00000741   __aeabi_memcpy
00000741   __aeabi_memcpy4
00000741   __aeabi_memcpy8
ffffffff   __binit__
ffffffff   __c_args__
2000026c   __stack
00000c15   _args_main
000009cd   _c_int00
20000374   _cleanup_ptr
20000378   _dtors_ptr
2000036c   _lock
00000c4f   _nop
00000c47   _register_lock
00000c41   _register_unlock
20000370   _unlock
00000a9d   abort
ffffffff   binit
00000a15   copy_in
00000aa5   exit
20000000   g_pfnRAMVectors
00000000   g_pfnVectors
0000026d   main
2000037c   main_func_sp
00000741   memcpy
20000380   r


GLOBAL SYMBOLS: SORTED BY Symbol Address 

address    name
--------   ----
00000000   __TI_static_base__
00000000   g_pfnVectors
00000001   __TI_args_main
00000100   __STACK_SIZE
0000026d   main
000004c1   SysCtlClockSet
000005c5   SysCtlClockGet
00000689   GPIOPadConfigSet
00000741   __aeabi_memcpy
00000741   __aeabi_memcpy4
00000741   __aeabi_memcpy8
00000741   memcpy
000007dd   __TI_auto_init
00000871   IntEnable
0000092f   GPIOIntTypeSet
00000985   GPIOPinConfigure
000009cd   _c_int00
00000a15   copy_in
00000a59   UARTConfigSetExpClk
00000a99   C$$EXIT
00000a9d   abort
00000aa5   exit
00000ad9   IntRegister
00000b0d   SysCtlPeripheralEnable
00000b41   Butt2
00000b6d   Butt
00000b99   GPIODirModeSet
00000bc5   UARTDisable
00000bfd   GPIOIntRegister
00000c15   _args_main
00000c2d   UARTEnable
00000c41   _register_unlock
00000c47   _register_lock
00000c4f   _nop
00000c55   GPIOPinTypeGPIOInput
00000c67   GPIOPinTypeGPIOOutput
00000c79   GPIOPinTypeUART
00000c8b   __TI_zero_init
00000c9d   GPIOIntDisable
00000cab   GPIOIntStatus
00000cb9   __TI_decompress_none
00000cc7   GPIOIntEnable
00000cd3   UARTCharsAvail
00000cdf   UARTCharGet
00000ce9   UARTCharPut
00000cf3   GPIOIntClear
00000cf9   GPIOPinWrite
00000cff   ResetISR
00000d05   SysCtlDelay
00000d0b   __TI_decompress_rle24
00000d15   Timer0IntHandler
00000f40   __TI_Handler_Table_Base
00000f4c   __TI_Handler_Table_Limit
00000f58   __TI_CINIT_Base
00000f68   __TI_CINIT_Limit
20000000   g_pfnRAMVectors
2000026c   __stack
2000036c   __STACK_END
2000036c   __STACK_TOP
2000036c   _lock
20000370   _unlock
20000374   _cleanup_ptr
20000378   _dtors_ptr
2000037c   main_func_sp
20000380   r
ffffffff   __binit__
ffffffff   __c_args__
ffffffff   binit
UNDEFED    SHT$$INIT_ARRAY$$Base
UNDEFED    SHT$$INIT_ARRAY$$Limit

[70 symbols]
